4.1951
1 4
1.7263
0 5
1.2732
5 6
2.3314
2 7
2.0649
0 5
